tests/tr_coverage.cpp:99:13: warning: 'void skip_ws_at(const std::string&, size_t*)' defined but not used [-Wunused-function]
   99 | static void skip_ws_at(const std::string& s, size_t* i) {
      |             ^~~~~~~~~~
tr.inl dictionary:      327 entries
translated call sites:  299 unique strings
dynamic (skipped) calls:30
empty-string calls:     0

DİNAMİK ANAHTAR UYARISI: 30 çağrı site'si statik doğrulanamadı — translate edilebilirlik insan gözüyle teyit edilmeli:
  gui/hidpp_panel.inl:40
  gui/hidpp_panel.inl:690
  gui/tr.inl:42
  gui/tr.inl:599
  gui/tr.inl:600
  gui/tr.inl:617
  gui/tr.inl:618
  gui/tr.inl:622
  gui/tr.inl:624
  gui/tr.inl:628
  gui/tr.inl:629
  gui/tr.inl:633
  gui/tr.inl:634
  gui/tr.inl:638
  gui/tr.inl:639
  gui/tr.inl:646
  gui/tr.inl:756
  gui/ui_builder.inl:20
  gui/ui_builder.inl:21
  gui/ui_builder.inl:31
  gui/ui_builder.inl:32
  gui/ui_builder.inl:44
  gui/ui_builder.inl:116
  gui/ui_builder.inl:605
  gui/widgets_sync.inl:114
  gui/widgets_sync.inl:805
  gui/widgets_sync.inl:879
  gui/widgets_sync.inl:914
  gui/widgets_sync.inl:914
  gui/widgets_sync.inl:917
MISSING: none — every UI string has a Turkish entry

ORPHANS (unreferenced entries, 28):
  "(unsupported)"
  "1:1 output — no curve parameters."
  "<b>Acceleration — X Axis</b>"
  "<b>Device Assignment</b>"
  "<b>Device</b>"
  "<b>Hardware Settings (Logitech HID++)</b>"
  "<b>Rotation &amp; Snap</b>"
  "<b>Speed Limit</b>"
  "<b>Speed Processor</b>"
  "<b>Y Axis</b>"
  "Auto (locale)"
  "Battery:"
  "Current: DPI %s · %d Hz · LOD %s"
  "Delete profile"
  "Duplicate profile"
  "Edit gain points on the curve (right panel)."
  "Export profile"
  "Import profile"
  "New profile"
  "Rename profile"
  "Reset to defaults"
  "Saved & reloaded: %s"
  "Saved: %s"
  "Uses: Accel, Exp (cls), Input Offset, Cap X/Y, Cap Mode."
  "Uses: Cap X (step position), Cap Y (step amount), Smooth."
  "Uses: Limit, Decay Rate, Input Offset, Gain."
  "Uses: Scale, Exp (pwr), Output Offset, Cap X/Y, Cap Mode, Gain."
  "Uses: Sync Speed, Motivity, Gamma, Smooth."

Result: PASS
