MUT[N01]
    uygulanan: N01 send_feature_request() TAŞMA REDDİ SİLİNDİ [1 yerde]
    rc=0  !! YESIL KALDI (test YAKALAMADI)
    === Sonuç: 461/461 geçti (21 section eşleşti, 196 atlandı) ===  (FAIL satiri: 0)
MUT[N02]
    uygulanan: N02 feature_request() TAŞMA REDDİ SİLİNDİ [1 yerde]
    rc=0  !! YESIL KALDI (test YAKALAMADI)
    === Sonuç: 461/461 geçti (21 section eşleşti, 196 atlandı) ===  (FAIL satiri: 0)
MUT[N03]
    uygulanan: N03 write_onboard_profile_sector() chunk ilerlemesi bozuldu (off += chunk+1) [1 yerde]
    rc=0  !! YESIL KALDI (test YAKALAMADI)
    === Sonuç: 461/461 geçti (21 section eşleşti, 196 atlandı) ===  (FAIL satiri: 0)
MUT[N04]
    uygulanan: N04 write_onboard_profile_sector() params 18 byte (taşma) [1 yerde]
    rc=0  !! YESIL KALDI (test YAKALAMADI)
    === Sonuç: 461/461 geçti (21 section eşleşti, 196 atlandı) ===  (FAIL satiri: 0)
MUT[N05]
    uygulanan: N05 short_packet to_bytes() byte-3 paketlemesi bozuldu [3 yerde]
    rc=1  OK  -> KIRMIZI (yakaladi)
    === Sonuç: 454/461 geçti, 7 BAŞARISIZ (21 section eşleşti, 196 atlandı) ===  (FAIL satiri: 7)
        FAIL  tests/test_accel.cpp:410  short_bytes[0] == 0x10 && short_bytes[1] == 0xFF && short_bytes[2] == 0x03 && short_bytes[3] == 0x25 && short_bytes[4] == 0x12 && short_bytes[5] == 0x34 && short_bytes[6] == 0x00  (section: Logitech HID++ packet serialization)
        FAIL  tests/test_accel.cpp:420  parsed_short->function_id == 0x02  (section: Logitech HID++ packet serialization)
        FAIL  tests/test_accel.cpp:421  parsed_short->software_id == 0x05  (section: Logitech HID++ packet serialization)
MUT[N06]
    uygulanan: N06 short_packet from_bytes() yanlış uzunluk kabul ediyor [1 yerde]
    rc=0  !! YESIL KALDI (test YAKALAMADI)
    === Sonuç: 461/461 geçti (21 section eşleşti, 196 atlandı) ===  (FAIL satiri: 0)
MUT[N07]
    uygulanan: N07 normalize_function_id() normalizasyonu kaldırıldı [1 yerde]
    rc=1  OK  -> KIRMIZI (yakaladi)
    === Sonuç: 454/461 geçti, 7 BAŞARISIZ (21 section eşleşti, 196 atlandı) ===  (FAIL satiri: 7)
        FAIL  tests/test_accel.cpp:517  hidpp_normalize_function_id(0x10) == 0x01  (section: Logitech HID++ hardware-control rate mappings)
        FAIL  tests/test_accel.cpp:518  hidpp_normalize_function_id(0x50) == 0x05  (section: Logitech HID++ hardware-control rate mappings)
        FAIL  tests/test_accel.cpp:528  function_bytes[3] == 0x53  (section: Logitech HID++ hardware-control rate mappings)
MUT[N08]
    uygulanan: N08 rate_code_to_hz tablosu 333 -> 334 [2 yerde]
    rc=0  !! YESIL KALDI (test YAKALAMADI)
    === Sonuç: 461/461 geçti (21 section eşleşti, 196 atlandı) ===  (FAIL satiri: 0)
MUT[N09]
    uygulanan: N09 discover_logitech_hidraw_devices() is_character_file kontrolü SİLİNDİ [1 yerde]
    rc=0  !! YESIL KALDI (test YAKALAMADI)
    === Sonuç: 461/461 geçti (21 section eşleşti, 196 atlandı) ===  (FAIL satiri: 0)
MUT[N10]
    uygulanan: N10 discover_logitech_hidraw_devices() vendor kontrolü SİLİNDİ [1 yerde]
    rc=0  !! YESIL KALDI (test YAKALAMADI)
    === Sonuç: 461/461 geçti (21 section eşleşti, 196 atlandı) ===  (FAIL satiri: 0)
MUT[N11]
    uygulanan: N11 HID++1.0 CONNECTED (0x42) bit-0 yorumu TERS çevrildi [1 yerde]
    rc=1  OK  -> KIRMIZI (yakaladi)
    === Sonuç: 459/461 geçti, 2 BAŞARISIZ (21 section eşleşti, 196 atlandı) ===  (FAIL satiri: 2)
        FAIL  tests/test_accel.cpp:285  ev.connected  (section: HID++ notification classification: battery/connection/illumination)
        FAIL  tests/test_accel.cpp:290  !ev.connected  (section: HID++ notification classification: battery/connection/illumination)
MUT[N12]
    uygulanan: N12 battery_voltage BE16 -> LE16 [1 yerde]
    BUILD-FAIL [src/logitech_hidpp.cpp]
      src/logitech_hidpp.cpp:2524:42: error: 'read_le16' bu etki alanında bildirilmemiş
MUT[N13]
    uygulanan: N13 rate_code_to_hz code 0 artık 1000 donuyor [1 yerde]
    rc=1  OK  -> KIRMIZI (yakaladi)
    === Sonuç: 460/461 geçti, 1 BAŞARISIZ (21 section eşleşti, 196 atlandı) ===  (FAIL satiri: 1)
        FAIL  tests/test_accel.cpp:541  !hidpp_rate_code_to_hz(false, 0).has_value()  (section: Logitech HID++ hardware-control rate mappings)
