=== RawAccel Linux Birim Testleri ===

[BUG-22 — save_config supports bare relative filenames]
  PASS  dir != nullptr
  PASS  ok
  PASS  ok
  PASS  ok
  PASS  restored_cwd

[atomic config write — no .tmp file left after successful save]
  PASS  tmp_leftover_count(atomic_path) == 0
  PASS  !reloaded.profiles.empty()
  PASS  reloaded.profiles[0].name == "atomic_test"

[P54-B3 — save_config tmp is pid-suffixed, atomic, no .tmp left]
  PASS  tmp_leftover_count(path) == 0
  PASS  std::filesystem::exists(path)
  PASS  std::filesystem::file_size(path) > 0

[BUG-13 — save_config: tmp file is removed and target updated atomically]
  PASS  stat(path.c_str(), &st) == 0
  PASS  tmp_leftover_count(path) == 0
  PASS  st.st_size > 0
  PASS  loaded.profiles.size() == 1
  PASS  loaded.profiles[0].name == "test"

[K4 — save_config: permission bits are preserved, umask-independent]
  PASS  ::chmod(tmp.c_str(), 0600) == 0
  PASS  izin(tmp) == 0600
  PASS  ::chmod(tmp.c_str(), 0644) == 0
  PASS  izin(tmp) == 0644
  PASS  izin(tmp) == onceki
  PASS  izin(tmp) == 0600

=== Sonuç: 22/22 geçti (5 section eşleşti, 212 atlandı) ===
BASE_FILT_RC=0
